// Jest Snapshot v1, https://goo.gl/fbAQLP

exports[`Sunday should be first day of the week 1`] = `
.c1 {
  font-family: Montserrat,sans-serif;
  font-size: 14px;
  font-weight: 600;
  color: #343132;
  line-height: 1.57;
}

.c4 {
  font-family: Montserrat,sans-serif;
  font-size: 11px;
  font-weight: 500;
  color: #929598;
}

.c0 {
  display: -webkit-box;
  display: -webkit-flex;
  display: -ms-flexbox;
  display: flex;
  margin: 0 0 28px;
  -webkit-box-pack: center;
  -webkit-justify-content: center;
  -ms-flex-pack: center;
  justify-content: center;
}

.c3 {
  display: -webkit-box;
  display: -webkit-flex;
  display: -ms-flexbox;
  display: flex;
  margin: 0 0 16px;
  -webkit-box-pack: center;
  -webkit-justify-content: center;
  -ms-flex-pack: center;
  justify-content: center;
}

.c6 {
  display: -webkit-box;
  display: -webkit-flex;
  display: -ms-flexbox;
  display: flex;
  -webkit-align-items: center;
  -webkit-box-align: center;
  -ms-flex-align: center;
  align-items: center;
  -webkit-box-pack: center;
  -webkit-justify-content: center;
  -ms-flex-pack: center;
  justify-content: center;
  height: 100%;
  width: 100%;
}

.c2 {
  display: grid;
  grid-template-columns: repeat(7,36px);
}

.c5 {
  height: 36px;
  width: 36px;
  box-shadow: 1px 0 0 0 #e6e7e8, 0 1px 0 0 #e6e7e8, 1px 1px 0 0 #e6e7e8, 1px 0 0 0 #e6e7e8 inset, 0 1px 0 0 #e6e7e8 inset;
  background: #ffffff;
  color: #58595b;
  font-family: Montserrat,sans-serif;
  font-weight: 500;
  font-size: 14px;
  cursor: pointer;
  border: 0;
  padding: 0;
  outline: 0;
}

.c5:hover {
  background: #e6e7e8;
  color: #58595b;
}

.c5:focus {
  box-shadow: none;
  border: 2px solid #009fef;
}

<div>
  <div>
    <div
      class="c0"
    >
      <div
        class="c1"
        color="#343132"
        data-testid="MonthLabel"
        font-family="Montserrat, sans-serif"
        font-size="14px"
        font-weight="600"
      >
        February 2019
      </div>
    </div>
    <div
      class="c2"
    >
      <div
        class="c3"
      >
        <div
          class="c4"
          color="#929598"
          data-testid="DayLabel"
          font-family="Montserrat, sans-serif"
          font-size="11px"
          font-weight="500"
        >
          Su
        </div>
      </div>
      <div
        class="c3"
      >
        <div
          class="c4"
          color="#929598"
          data-testid="DayLabel"
          font-family="Montserrat, sans-serif"
          font-size="11px"
          font-weight="500"
        >
          Mo
        </div>
      </div>
      <div
        class="c3"
      >
        <div
          class="c4"
          color="#929598"
          data-testid="DayLabel"
          font-family="Montserrat, sans-serif"
          font-size="11px"
          font-weight="500"
        >
          Tu
        </div>
      </div>
      <div
        class="c3"
      >
        <div
          class="c4"
          color="#929598"
          data-testid="DayLabel"
          font-family="Montserrat, sans-serif"
          font-size="11px"
          font-weight="500"
        >
          We
        </div>
      </div>
      <div
        class="c3"
      >
        <div
          class="c4"
          color="#929598"
          data-testid="DayLabel"
          font-family="Montserrat, sans-serif"
          font-size="11px"
          font-weight="500"
        >
          Th
        </div>
      </div>
      <div
        class="c3"
      >
        <div
          class="c4"
          color="#929598"
          data-testid="DayLabel"
          font-family="Montserrat, sans-serif"
          font-size="11px"
          font-weight="500"
        >
          Fr
        </div>
      </div>
      <div
        class="c3"
      >
        <div
          class="c4"
          color="#929598"
          data-testid="DayLabel"
          font-family="Montserrat, sans-serif"
          font-size="11px"
          font-weight="500"
        >
          Sa
        </div>
      </div>
    </div>
    <div
      class="c2"
    >
      <div />
      <div />
      <div />
      <div />
      <div />
      <button
        class="c5"
        color="#58595b"
        data-testid="Day"
        font-family="Montserrat, sans-serif"
        font-size="14px"
        font-weight="500"
        role="button"
      >
        <div
          class="c6"
          height="100%"
          width="100%"
        >
          01
        </div>
      </button>
      <button
        class="c5"
        color="#58595b"
        data-testid="Day"
        font-family="Montserrat, sans-serif"
        font-size="14px"
        font-weight="500"
        role="button"
      >
        <div
          class="c6"
          height="100%"
          width="100%"
        >
          02
        </div>
      </button>
      <button
        class="c5"
        color="#58595b"
        data-testid="Day"
        font-family="Montserrat, sans-serif"
        font-size="14px"
        font-weight="500"
        role="button"
      >
        <div
          class="c6"
          height="100%"
          width="100%"
        >
          03
        </div>
      </button>
      <button
        class="c5"
        color="#58595b"
        data-testid="Day"
        font-family="Montserrat, sans-serif"
        font-size="14px"
        font-weight="500"
        role="button"
      >
        <div
          class="c6"
          height="100%"
          width="100%"
        >
          04
        </div>
      </button>
      <button
        class="c5"
        color="#58595b"
        data-testid="Day"
        font-family="Montserrat, sans-serif"
        font-size="14px"
        font-weight="500"
        role="button"
      >
        <div
          class="c6"
          height="100%"
          width="100%"
        >
          05
        </div>
      </button>
      <button
        class="c5"
        color="#58595b"
        data-testid="Day"
        font-family="Montserrat, sans-serif"
        font-size="14px"
        font-weight="500"
        role="button"
      >
        <div
          class="c6"
          height="100%"
          width="100%"
        >
          06
        </div>
      </button>
      <button
        class="c5"
        color="#58595b"
        data-testid="Day"
        font-family="Montserrat, sans-serif"
        font-size="14px"
        font-weight="500"
        role="button"
      >
        <div
          class="c6"
          height="100%"
          width="100%"
        >
          07
        </div>
      </button>
      <button
        class="c5"
        color="#58595b"
        data-testid="Day"
        font-family="Montserrat, sans-serif"
        font-size="14px"
        font-weight="500"
        role="button"
      >
        <div
          class="c6"
          height="100%"
          width="100%"
        >
          08
        </div>
      </button>
      <button
        class="c5"
        color="#58595b"
        data-testid="Day"
        font-family="Montserrat, sans-serif"
        font-size="14px"
        font-weight="500"
        role="button"
      >
        <div
          class="c6"
          height="100%"
          width="100%"
        >
          09
        </div>
      </button>
      <button
        class="c5"
        color="#58595b"
        data-testid="Day"
        font-family="Montserrat, sans-serif"
        font-size="14px"
        font-weight="500"
        role="button"
      >
        <div
          class="c6"
          height="100%"
          width="100%"
        >
          10
        </div>
      </button>
      <button
        class="c5"
        color="#58595b"
        data-testid="Day"
        font-family="Montserrat, sans-serif"
        font-size="14px"
        font-weight="500"
        role="button"
      >
        <div
          class="c6"
          height="100%"
          width="100%"
        >
          11
        </div>
      </button>
      <button
        class="c5"
        color="#58595b"
        data-testid="Day"
        font-family="Montserrat, sans-serif"
        font-size="14px"
        font-weight="500"
        role="button"
      >
        <div
          class="c6"
          height="100%"
          width="100%"
        >
          12
        </div>
      </button>
      <button
        class="c5"
        color="#58595b"
        data-testid="Day"
        font-family="Montserrat, sans-serif"
        font-size="14px"
        font-weight="500"
        role="button"
      >
        <div
          class="c6"
          height="100%"
          width="100%"
        >
          13
        </div>
      </button>
      <button
        class="c5"
        color="#58595b"
        data-testid="Day"
        font-family="Montserrat, sans-serif"
        font-size="14px"
        font-weight="500"
        role="button"
      >
        <div
          class="c6"
          height="100%"
          width="100%"
        >
          14
        </div>
      </button>
      <button
        class="c5"
        color="#58595b"
        data-testid="Day"
        font-family="Montserrat, sans-serif"
        font-size="14px"
        font-weight="500"
        role="button"
      >
        <div
          class="c6"
          height="100%"
          width="100%"
        >
          15
        </div>
      </button>
      <button
        class="c5"
        color="#58595b"
        data-testid="Day"
        font-family="Montserrat, sans-serif"
        font-size="14px"
        font-weight="500"
        role="button"
      >
        <div
          class="c6"
          height="100%"
          width="100%"
        >
          16
        </div>
      </button>
      <button
        class="c5"
        color="#58595b"
        data-testid="Day"
        font-family="Montserrat, sans-serif"
        font-size="14px"
        font-weight="500"
        role="button"
      >
        <div
          class="c6"
          height="100%"
          width="100%"
        >
          17
        </div>
      </button>
      <button
        class="c5"
        color="#58595b"
        data-testid="Day"
        font-family="Montserrat, sans-serif"
        font-size="14px"
        font-weight="500"
        role="button"
      >
        <div
          class="c6"
          height="100%"
          width="100%"
        >
          18
        </div>
      </button>
      <button
        class="c5"
        color="#58595b"
        data-testid="Day"
        font-family="Montserrat, sans-serif"
        font-size="14px"
        font-weight="500"
        role="button"
      >
        <div
          class="c6"
          height="100%"
          width="100%"
        >
          19
        </div>
      </button>
      <button
        class="c5"
        color="#58595b"
        data-testid="Day"
        font-family="Montserrat, sans-serif"
        font-size="14px"
        font-weight="500"
        role="button"
      >
        <div
          class="c6"
          height="100%"
          width="100%"
        >
          20
        </div>
      </button>
      <button
        class="c5"
        color="#58595b"
        data-testid="Day"
        font-family="Montserrat, sans-serif"
        font-size="14px"
        font-weight="500"
        role="button"
      >
        <div
          class="c6"
          height="100%"
          width="100%"
        >
          21
        </div>
      </button>
      <button
        class="c5"
        color="#58595b"
        data-testid="Day"
        font-family="Montserrat, sans-serif"
        font-size="14px"
        font-weight="500"
        role="button"
      >
        <div
          class="c6"
          height="100%"
          width="100%"
        >
          22
        </div>
      </button>
      <button
        class="c5"
        color="#58595b"
        data-testid="Day"
        font-family="Montserrat, sans-serif"
        font-size="14px"
        font-weight="500"
        role="button"
      >
        <div
          class="c6"
          height="100%"
          width="100%"
        >
          23
        </div>
      </button>
      <button
        class="c5"
        color="#58595b"
        data-testid="Day"
        font-family="Montserrat, sans-serif"
        font-size="14px"
        font-weight="500"
        role="button"
      >
        <div
          class="c6"
          height="100%"
          width="100%"
        >
          24
        </div>
      </button>
      <button
        class="c5"
        color="#58595b"
        data-testid="Day"
        font-family="Montserrat, sans-serif"
        font-size="14px"
        font-weight="500"
        role="button"
      >
        <div
          class="c6"
          height="100%"
          width="100%"
        >
          25
        </div>
      </button>
      <button
        class="c5"
        color="#58595b"
        data-testid="Day"
        font-family="Montserrat, sans-serif"
        font-size="14px"
        font-weight="500"
        role="button"
      >
        <div
          class="c6"
          height="100%"
          width="100%"
        >
          26
        </div>
      </button>
      <button
        class="c5"
        color="#58595b"
        data-testid="Day"
        font-family="Montserrat, sans-serif"
        font-size="14px"
        font-weight="500"
        role="button"
      >
        <div
          class="c6"
          height="100%"
          width="100%"
        >
          27
        </div>
      </button>
      <button
        class="c5"
        color="#58595b"
        data-testid="Day"
        font-family="Montserrat, sans-serif"
        font-size="14px"
        font-weight="500"
        role="button"
      >
        <div
          class="c6"
          height="100%"
          width="100%"
        >
          28
        </div>
      </button>
    </div>
  </div>
</div>
`;

exports[`should match snapshot 1`] = `
.c1 {
  font-family: Montserrat,sans-serif;
  font-size: 14px;
  font-weight: 600;
  color: #343132;
  line-height: 1.57;
}

.c4 {
  font-family: Montserrat,sans-serif;
  font-size: 11px;
  font-weight: 500;
  color: #929598;
}

.c0 {
  display: -webkit-box;
  display: -webkit-flex;
  display: -ms-flexbox;
  display: flex;
  margin: 0 0 28px;
  -webkit-box-pack: center;
  -webkit-justify-content: center;
  -ms-flex-pack: center;
  justify-content: center;
}

.c3 {
  display: -webkit-box;
  display: -webkit-flex;
  display: -ms-flexbox;
  display: flex;
  margin: 0 0 16px;
  -webkit-box-pack: center;
  -webkit-justify-content: center;
  -ms-flex-pack: center;
  justify-content: center;
}

.c6 {
  display: -webkit-box;
  display: -webkit-flex;
  display: -ms-flexbox;
  display: flex;
  -webkit-align-items: center;
  -webkit-box-align: center;
  -ms-flex-align: center;
  align-items: center;
  -webkit-box-pack: center;
  -webkit-justify-content: center;
  -ms-flex-pack: center;
  justify-content: center;
  height: 100%;
  width: 100%;
}

.c2 {
  display: grid;
  grid-template-columns: repeat(7,36px);
}

.c5 {
  height: 36px;
  width: 36px;
  box-shadow: 1px 0 0 0 #e6e7e8, 0 1px 0 0 #e6e7e8, 1px 1px 0 0 #e6e7e8, 1px 0 0 0 #e6e7e8 inset, 0 1px 0 0 #e6e7e8 inset;
  background: #ffffff;
  color: #58595b;
  font-family: Montserrat,sans-serif;
  font-weight: 500;
  font-size: 14px;
  cursor: pointer;
  border: 0;
  padding: 0;
  outline: 0;
}

.c5:hover {
  background: #e6e7e8;
  color: #58595b;
}

.c5:focus {
  box-shadow: none;
  border: 2px solid #009fef;
}

<div>
  <div>
    <div
      class="c0"
    >
      <div
        class="c1"
        color="#343132"
        data-testid="MonthLabel"
        font-family="Montserrat, sans-serif"
        font-size="14px"
        font-weight="600"
      >
        February 2019
      </div>
    </div>
    <div
      class="c2"
    >
      <div
        class="c3"
      >
        <div
          class="c4"
          color="#929598"
          data-testid="DayLabel"
          font-family="Montserrat, sans-serif"
          font-size="11px"
          font-weight="500"
        >
          Mo
        </div>
      </div>
      <div
        class="c3"
      >
        <div
          class="c4"
          color="#929598"
          data-testid="DayLabel"
          font-family="Montserrat, sans-serif"
          font-size="11px"
          font-weight="500"
        >
          Tu
        </div>
      </div>
      <div
        class="c3"
      >
        <div
          class="c4"
          color="#929598"
          data-testid="DayLabel"
          font-family="Montserrat, sans-serif"
          font-size="11px"
          font-weight="500"
        >
          We
        </div>
      </div>
      <div
        class="c3"
      >
        <div
          class="c4"
          color="#929598"
          data-testid="DayLabel"
          font-family="Montserrat, sans-serif"
          font-size="11px"
          font-weight="500"
        >
          Th
        </div>
      </div>
      <div
        class="c3"
      >
        <div
          class="c4"
          color="#929598"
          data-testid="DayLabel"
          font-family="Montserrat, sans-serif"
          font-size="11px"
          font-weight="500"
        >
          Fr
        </div>
      </div>
      <div
        class="c3"
      >
        <div
          class="c4"
          color="#929598"
          data-testid="DayLabel"
          font-family="Montserrat, sans-serif"
          font-size="11px"
          font-weight="500"
        >
          Sa
        </div>
      </div>
      <div
        class="c3"
      >
        <div
          class="c4"
          color="#929598"
          data-testid="DayLabel"
          font-family="Montserrat, sans-serif"
          font-size="11px"
          font-weight="500"
        >
          Su
        </div>
      </div>
    </div>
    <div
      class="c2"
    >
      <div />
      <div />
      <div />
      <div />
      <button
        class="c5"
        color="#58595b"
        data-testid="Day"
        font-family="Montserrat, sans-serif"
        font-size="14px"
        font-weight="500"
        role="button"
      >
        <div
          class="c6"
          height="100%"
          width="100%"
        >
          01
        </div>
      </button>
      <button
        class="c5"
        color="#58595b"
        data-testid="Day"
        font-family="Montserrat, sans-serif"
        font-size="14px"
        font-weight="500"
        role="button"
      >
        <div
          class="c6"
          height="100%"
          width="100%"
        >
          02
        </div>
      </button>
      <button
        class="c5"
        color="#58595b"
        data-testid="Day"
        font-family="Montserrat, sans-serif"
        font-size="14px"
        font-weight="500"
        role="button"
      >
        <div
          class="c6"
          height="100%"
          width="100%"
        >
          03
        </div>
      </button>
      <button
        class="c5"
        color="#58595b"
        data-testid="Day"
        font-family="Montserrat, sans-serif"
        font-size="14px"
        font-weight="500"
        role="button"
      >
        <div
          class="c6"
          height="100%"
          width="100%"
        >
          04
        </div>
      </button>
      <button
        class="c5"
        color="#58595b"
        data-testid="Day"
        font-family="Montserrat, sans-serif"
        font-size="14px"
        font-weight="500"
        role="button"
      >
        <div
          class="c6"
          height="100%"
          width="100%"
        >
          05
        </div>
      </button>
      <button
        class="c5"
        color="#58595b"
        data-testid="Day"
        font-family="Montserrat, sans-serif"
        font-size="14px"
        font-weight="500"
        role="button"
      >
        <div
          class="c6"
          height="100%"
          width="100%"
        >
          06
        </div>
      </button>
      <button
        class="c5"
        color="#58595b"
        data-testid="Day"
        font-family="Montserrat, sans-serif"
        font-size="14px"
        font-weight="500"
        role="button"
      >
        <div
          class="c6"
          height="100%"
          width="100%"
        >
          07
        </div>
      </button>
      <button
        class="c5"
        color="#58595b"
        data-testid="Day"
        font-family="Montserrat, sans-serif"
        font-size="14px"
        font-weight="500"
        role="button"
      >
        <div
          class="c6"
          height="100%"
          width="100%"
        >
          08
        </div>
      </button>
      <button
        class="c5"
        color="#58595b"
        data-testid="Day"
        font-family="Montserrat, sans-serif"
        font-size="14px"
        font-weight="500"
        role="button"
      >
        <div
          class="c6"
          height="100%"
          width="100%"
        >
          09
        </div>
      </button>
      <button
        class="c5"
        color="#58595b"
        data-testid="Day"
        font-family="Montserrat, sans-serif"
        font-size="14px"
        font-weight="500"
        role="button"
      >
        <div
          class="c6"
          height="100%"
          width="100%"
        >
          10
        </div>
      </button>
      <button
        class="c5"
        color="#58595b"
        data-testid="Day"
        font-family="Montserrat, sans-serif"
        font-size="14px"
        font-weight="500"
        role="button"
      >
        <div
          class="c6"
          height="100%"
          width="100%"
        >
          11
        </div>
      </button>
      <button
        class="c5"
        color="#58595b"
        data-testid="Day"
        font-family="Montserrat, sans-serif"
        font-size="14px"
        font-weight="500"
        role="button"
      >
        <div
          class="c6"
          height="100%"
          width="100%"
        >
          12
        </div>
      </button>
      <button
        class="c5"
        color="#58595b"
        data-testid="Day"
        font-family="Montserrat, sans-serif"
        font-size="14px"
        font-weight="500"
        role="button"
      >
        <div
          class="c6"
          height="100%"
          width="100%"
        >
          13
        </div>
      </button>
      <button
        class="c5"
        color="#58595b"
        data-testid="Day"
        font-family="Montserrat, sans-serif"
        font-size="14px"
        font-weight="500"
        role="button"
      >
        <div
          class="c6"
          height="100%"
          width="100%"
        >
          14
        </div>
      </button>
      <button
        class="c5"
        color="#58595b"
        data-testid="Day"
        font-family="Montserrat, sans-serif"
        font-size="14px"
        font-weight="500"
        role="button"
      >
        <div
          class="c6"
          height="100%"
          width="100%"
        >
          15
        </div>
      </button>
      <button
        class="c5"
        color="#58595b"
        data-testid="Day"
        font-family="Montserrat, sans-serif"
        font-size="14px"
        font-weight="500"
        role="button"
      >
        <div
          class="c6"
          height="100%"
          width="100%"
        >
          16
        </div>
      </button>
      <button
        class="c5"
        color="#58595b"
        data-testid="Day"
        font-family="Montserrat, sans-serif"
        font-size="14px"
        font-weight="500"
        role="button"
      >
        <div
          class="c6"
          height="100%"
          width="100%"
        >
          17
        </div>
      </button>
      <button
        class="c5"
        color="#58595b"
        data-testid="Day"
        font-family="Montserrat, sans-serif"
        font-size="14px"
        font-weight="500"
        role="button"
      >
        <div
          class="c6"
          height="100%"
          width="100%"
        >
          18
        </div>
      </button>
      <button
        class="c5"
        color="#58595b"
        data-testid="Day"
        font-family="Montserrat, sans-serif"
        font-size="14px"
        font-weight="500"
        role="button"
      >
        <div
          class="c6"
          height="100%"
          width="100%"
        >
          19
        </div>
      </button>
      <button
        class="c5"
        color="#58595b"
        data-testid="Day"
        font-family="Montserrat, sans-serif"
        font-size="14px"
        font-weight="500"
        role="button"
      >
        <div
          class="c6"
          height="100%"
          width="100%"
        >
          20
        </div>
      </button>
      <button
        class="c5"
        color="#58595b"
        data-testid="Day"
        font-family="Montserrat, sans-serif"
        font-size="14px"
        font-weight="500"
        role="button"
      >
        <div
          class="c6"
          height="100%"
          width="100%"
        >
          21
        </div>
      </button>
      <button
        class="c5"
        color="#58595b"
        data-testid="Day"
        font-family="Montserrat, sans-serif"
        font-size="14px"
        font-weight="500"
        role="button"
      >
        <div
          class="c6"
          height="100%"
          width="100%"
        >
          22
        </div>
      </button>
      <button
        class="c5"
        color="#58595b"
        data-testid="Day"
        font-family="Montserrat, sans-serif"
        font-size="14px"
        font-weight="500"
        role="button"
      >
        <div
          class="c6"
          height="100%"
          width="100%"
        >
          23
        </div>
      </button>
      <button
        class="c5"
        color="#58595b"
        data-testid="Day"
        font-family="Montserrat, sans-serif"
        font-size="14px"
        font-weight="500"
        role="button"
      >
        <div
          class="c6"
          height="100%"
          width="100%"
        >
          24
        </div>
      </button>
      <button
        class="c5"
        color="#58595b"
        data-testid="Day"
        font-family="Montserrat, sans-serif"
        font-size="14px"
        font-weight="500"
        role="button"
      >
        <div
          class="c6"
          height="100%"
          width="100%"
        >
          25
        </div>
      </button>
      <button
        class="c5"
        color="#58595b"
        data-testid="Day"
        font-family="Montserrat, sans-serif"
        font-size="14px"
        font-weight="500"
        role="button"
      >
        <div
          class="c6"
          height="100%"
          width="100%"
        >
          26
        </div>
      </button>
      <button
        class="c5"
        color="#58595b"
        data-testid="Day"
        font-family="Montserrat, sans-serif"
        font-size="14px"
        font-weight="500"
        role="button"
      >
        <div
          class="c6"
          height="100%"
          width="100%"
        >
          27
        </div>
      </button>
      <button
        class="c5"
        color="#58595b"
        data-testid="Day"
        font-family="Montserrat, sans-serif"
        font-size="14px"
        font-weight="500"
        role="button"
      >
        <div
          class="c6"
          height="100%"
          width="100%"
        >
          28
        </div>
      </button>
    </div>
  </div>
</div>
`;
