// Jest Snapshot v1, https://goo.gl/fbAQLP

exports[`should match snapshot 1`] = `
.c0 {
  display: grid;
  grid-column-gap: 10px;
  grid-gap: 10px 10px;
  grid-row-gap: 10px;
  grid-template-areas: "c1 c2 c3" "c4 c5 c6";
  grid-template-columns: repeat(6,1fr);
  grid-template-rows: repeat(6,1fr);
  -webkit-align-items: initial;
  -webkit-box-align: initial;
  -ms-flex-align: initial;
  align-items: initial;
  -webkit-box-pack: initial;
  -webkit-justify-content: initial;
  -ms-flex-pack: initial;
  justify-content: initial;
}

<div>
  <div
    class="c0"
  >
    <div>
      test1
    </div>
    <div>
      test2
    </div>
    <div>
      test3
    </div>
    <div>
      test4
    </div>
    <div>
      test5
    </div>
  </div>
</div>
`;
