// Jest Snapshot v1, https://goo.gl/fbAQLP

exports[`should match snapshot 1`] = `
.c0 {
  font-family: Montserrat;
  font-size: 14px;
  font-weight: 500;
  color: #000000;
  line-height: 1.2;
  padding: 10px;
  margin: 10px;
}

<div>
  <div
    class="c0"
    color="#000000"
    font-family="Montserrat"
    font-size="14px"
    font-weight="500"
  >
    Test
  </div>
</div>
`;
