// Jest Snapshot v1, https://goo.gl/fbAQLP

exports[`should match snapshot 1`] = `
.c0 {
  font-family: Montserrat,sans-serif;
  font-size: 14px;
  font-weight: 600;
  color: #343132;
  line-height: 1.57;
}

<div>
  <div
    class="c0"
    color="#343132"
    font-family="Montserrat, sans-serif"
    font-size="14px"
    font-weight="600"
  >
    Test
  </div>
</div>
`;
