// Jest Snapshot v1, https://goo.gl/fbAQLP

exports[`should match snapshot 1`] = `
.c0 {
  display: -webkit-box;
  display: -webkit-flex;
  display: -ms-flexbox;
  display: flex;
  height: 50px;
  width: 50px;
  grid-area: test;
  -webkit-box-pack: center;
  -webkit-justify-content: center;
  -ms-flex-pack: center;
  justify-content: center;
  -webkit-align-items: center;
  -webkit-box-align: center;
  -ms-flex-align: center;
  align-items: center;
  -webkit-flex-direction: column;
  -ms-flex-direction: column;
  flex-direction: column;
  -webkit-flex-wrap: wrap;
  -ms-flex-wrap: wrap;
  flex-wrap: wrap;
  margin: 30px;
}

<div>
  <div
    class="c0"
    height="50px"
    width="50px"
  >
    <div>
      test1
    </div>
    <div>
      test2
    </div>
    <div>
      test3
    </div>
    <div>
      test4
    </div>
    <div>
      test5
    </div>
  </div>
</div>
`;
